// Jest Snapshot v1, https://goo.gl/fbAQLP

exports[`Calculator renders correctly 1`] = `
<div
  className="Body-Cont"
>
  <div
    className="Text"
  >
    Lets do some Maths
  </div>
  <div
    className="Calc-Container"
  >
    <div
      className="input AR"
      onChange={[Function]}
    >
      0
    </div>
    <div
      className="calculator-symbols"
    >
      <button
        className="calculator__btn"
        onClick={[Function]}
        type="button"
      >
        AC
      </button>
      <button
        className="calculator__btn"
        onClick={[Function]}
        type="button"
      >
        +/-
      </button>
      <button
        className="calculator__btn"
        onClick={[Function]}
        type="button"
      >
        %
      </button>
      <button
        className="calculator__btn calculator__btn--primary"
        onClick={[Function]}
        type="button"
      >
        รท
      </button>
      <button
        className="calculator__btn"
        onClick={[Function]}
        type="button"
      >
        7
      </button>
      <button
        className="calculator__btn"
        onClick={[Function]}
        type="button"
      >
        8
      </button>
      <button
        className="calculator__btn"
        onClick={[Function]}
        type="button"
      >
        9
      </button>
      <button
        className="calculator__btn calculator__btn--primary"
        onClick={[Function]}
        type="button"
      >
        x
      </button>
      <button
        className="calculator__btn"
        onClick={[Function]}
        type="button"
      >
        4
      </button>
      <button
        className="calculator__btn"
        onClick={[Function]}
        type="button"
      >
        5
      </button>
      <button
        className="calculator__btn"
        onClick={[Function]}
        type="button"
      >
        6
      </button>
      <button
        className="calculator__btn calculator__btn--primary"
        onClick={[Function]}
        type="button"
      >
        -
      </button>
      <button
        className="calculator__btn"
        onClick={[Function]}
        type="button"
      >
        1
      </button>
      <button
        className="calculator__btn"
        onClick={[Function]}
        type="button"
      >
        2
      </button>
      <button
        className="calculator__btn"
        onClick={[Function]}
        type="button"
      >
        3
      </button>
      <button
        className="calculator__btn calculator__btn--primary"
        onClick={[Function]}
        type="button"
      >
        +
      </button>
      <button
        className="calculator__btn calculator__btn span "
        onClick={[Function]}
        type="button"
      >
        0
      </button>
      <button
        className="calculator__btn"
        onClick={[Function]}
        type="button"
      >
        .
      </button>
      <button
        className="calculator__btn calculator__btn--primary"
        onClick={[Function]}
        type="button"
      >
        =
      </button>
    </div>
  </div>
</div>
`;

exports[`Home renders correctly 1`] = `
<main
  className="Home"
>
  <h1>
    Welcome To Our Page
  </h1>
  <p>
    Lorem, ipsum dolor sit amet consectetur adipisicing elit. Assumenda beatae consequatur delectus excepturi, harum autem maiores. Beatae voluptate laborum laudantium! Lorem, ipsum dolor sit amet consectetur adipisicing elit.
  </p>
  <p>
    Assumenda beatae consequatur delectus excepturi, harum autem maiores. Beatae voluptate laborum laudantium! Lorem, ipsum dolor sit amet consectetur adipisicing elit. Assumenda beatae consequatur delectus excepturi, harum autem maiores. Beatae voluptate laborum laudantium!
  </p>
</main>
`;

exports[`Quotes renders correctly 1`] = `
<main>
  <p
    className="Quotes"
  >
    Mathematics is not about numbers,equation, computations,or algorithms: it is about understanding.- William Paul Thurston
  </p>
</main>
`;
